Starting conversion: 256453 WURCS / 33 chunks / 4 parallel JVMs
  done chunk.aaaa (8000 lines)
  done chunk.aaab (8000 lines)
  done chunk.aaac (8000 lines)
  done chunk.aaad (8000 lines)
  done chunk.aaaf (8000 lines)
  done chunk.aaag (8000 lines)
  done chunk.aaae (8000 lines)
  done chunk.aaah (8000 lines)
  done chunk.aaal (8000 lines)
  done chunk.aaam (8000 lines)
  done chunk.aaan (8000 lines)
  done chunk.aaak (8000 lines)
  done chunk.aaai (8000 lines)
  done chunk.aaap (8000 lines)
  done chunk.aaaq (8000 lines)
  done chunk.aaar (8000 lines)
  done chunk.aaas (8000 lines)
  done chunk.aaat (8000 lines)
  done chunk.aaau (8000 lines)
  done chunk.aaav (8000 lines)
  done chunk.aaaj (8000 lines)
  done chunk.aaaw (8000 lines)
  done chunk.aaax (8000 lines)
  done chunk.aaay (8000 lines)
  done chunk.aaaz (8000 lines)
  done chunk.aaao (8000 lines)
  done chunk.aaba (8000 lines)
  done chunk.aabd (8000 lines)
  done chunk.aabe (8000 lines)
  done chunk.aabg (453 lines)
  done chunk.aabc (8000 lines)
  done chunk.aabf (8000 lines)
  done chunk.aabb (8000 lines)
Finished! Output: wurcs-smi.txt
  converted: 85114 / 256453  (failed: 171339, log: convert_wurcs.err)
